// Jest Snapshot v1, https://goo.gl/fbAQLP

exports[`Dealer onChange 1`] = `
<textarea
  class="textarea"
  style="border: 2px solid #999; height: 100%; width: 100%;"
>
  elo
</textarea>
`;

exports[`Dealer renders correctly 1`] = `
<div
  className="Dealer"
  style={
    Object {
      "height": "70%",
      "margin": "auto",
      "width": "80%",
    }
  }
>
  <div
    className="Cocaine"
    style={
      Object {
        "display": "block",
      }
    }
  >
    <form>
      <p>
        Format
      </p>
      <select>
        <option
          value="bold"
        >
          Bold
        </option>
        <option
          value="italic"
        >
          Italic
        </option>
        <option
          value="strike"
        >
          Strikethrough
        </option>
        <option
          value="underline"
        >
          Underline
        </option>
      </select>
      <p>
        Headers
      </p>
      <select>
        <option
          value="h1"
        >
          H1
        </option>
        <option
          value="h2"
        >
          H2
        </option>
        <option
          value="h3"
        >
          H3
        </option>
        <option
          value="h4"
        >
          H4
        </option>
      </select>
    </form>
  </div>
  <textarea
    className="textarea"
    onChange={[Function]}
    onSelect={[Function]}
    style={
      Object {
        "border": "2px solid #999",
        "height": "100%",
        "width": "100%",
      }
    }
    value=""
  />
</div>
`;
