// Jest Snapshot v1, https://goo.gl/fbAQLP

exports[`Cocaine renders correctly 1`] = `
<div
  className="cocaine"
  onBlur={[Function]}
>
  <form>
    <input
      autoFocus={true}
      className="cocaine__inhaler mousetrap"
      onChange={[Function]}
      onKeyDown={undefined}
      type="text"
      value=""
    />
    <section
      className="cocaine__section"
    >
      <p
        className="cocaine__section-header"
      >
        header
      </p>
    </section>
    <section
      className="cocaine__section"
    >
      <p
        className="cocaine__section-header"
      >
        emphasis
      </p>
    </section>
    <section
      className="cocaine__section"
    >
      <p
        className="cocaine__section-header"
      >
        blockquotes
      </p>
    </section>
    <section
      className="cocaine__section"
    >
      <p
        className="cocaine__section-header"
      >
        list
      </p>
    </section>
    <section
      className="cocaine__section"
    >
      <div
        className="cocaine__section-options"
      >
        <label
          className="cocaine__hidden-option"
        >
          <input
            name="headers"
            onChange={[Function]}
            type="radio"
          />
        </label>
      </div>
    </section>
  </form>
</div>
`;
