// Jest Snapshot v1, https://goo.gl/fbAQLP

exports[`Snapshot:  renders correctly on hardcoded position 1`] = `
<div
  className="cocaine"
  onBlur={[Function]}
  style={
    Object {
      "left": 0,
      "top": 75,
    }
  }
>
  <form>
    <input
      autoFocus={true}
      className="cocaine__inhaler mousetrap"
      onChange={[Function]}
      type="text"
      value=""
    />
    <section
      className="cocaine__section"
    >
      <p
        className="cocaine__section-header"
      >
        <span
          className="cocaine__keymark"
        >
          h
        </span>
         
        header
      </p>
    </section>
    <section
      className="cocaine__section"
    >
      <p
        className="cocaine__section-header"
      >
        <span
          className="cocaine__keymark"
        >
          e
        </span>
         
        emphasis
      </p>
    </section>
    <section
      className="cocaine__section"
    >
      <p
        className="cocaine__section-header"
      >
        <span
          className="cocaine__keymark"
        >
          q
        </span>
         
        blockquotes
      </p>
    </section>
    <section
      className="cocaine__section"
    >
      <p
        className="cocaine__section-header"
      >
        <span
          className="cocaine__keymark"
        >
          c
        </span>
         
        codeblock
      </p>
    </section>
    <section
      className="cocaine__section"
    >
      <p
        className="cocaine__section-header"
      >
        <span
          className="cocaine__keymark"
        >
          l
        </span>
         
        list
      </p>
    </section>
    <section
      className="cocaine__section"
    >
      <p
        className="cocaine__section-header"
      >
        <span
          className="cocaine__keymark"
        >
          i
        </span>
         
        link
      </p>
    </section>
    <section
      className="cocaine__section"
    >
      <div
        className="cocaine__section-options"
      >
        <label
          className="cocaine__hidden-option"
        >
          <input
            name="headers"
            onChange={[Function]}
            type="radio"
          />
        </label>
      </div>
    </section>
  </form>
</div>
`;
